<html>
<body>
<pre>
<h1>µVision Build Log</h1>
<h2>Project:</h2>
D:\Sachin_code\Techoscripts\LPC2148\Progrms\5.LED_Switch.uvproj
Project File Date:  05/29/2024

<h2>Output:</h2>
Rebuild target 'Target 1'
assembling Startup.s...
compiling 5.LED_Switch.c...
linking...
Program Size: Code=612 RO-data=16 RW-data=0 ZI-data=1256  
FromELF: creating hex file...
".\5.LED_Switch" - 0 Error(s), 0 Warning(s).
</pre>
</body>
</html>
 in a change of sign
        IODIR0 &= ~sw2;
linking...
Program Size: Code=616 RO-data=16 RW-data=0 ZI-data=1256  
FromELF: creating hex file...
".\5.LED_Switch" - 0 Error(s), 2 Warning(s).
