<html>
<body>
<pre>
<h1>µVision Build Log</h1>
<h2>Project:</h2>
D:\Sachin_code\Techoscripts\LPC2148\Progrms\8_Two7SegComCathode.uvproj
Project File Date:  05/29/2024

<h2>Output:</h2>
Rebuild target 'Target 1'
assembling Startup.s...
compiling 8_Two7SegComCathode.c...
linking...
Program Size: Code=752 RO-data=56 RW-data=0 ZI-data=1256  
FromELF: creating hex file...
".\8_Two7SegComCathode.axf" - 0 Error(s), 0 Warning(s).
</pre>
</body>
</html>
..
".\8_Two7SegComCathode.axf" - 0 Error(s), 1 Warning(s).
