<html>
<body>
<pre>
<h1>µVision Build Log</h1>
<h2>Project:</h2>
D:\Sachin_code\Techoscripts\LPC2148\Progrms\9_1_4Dig7SegComCathode.uvproj
Project File Date:  06/17/2024

<h2>Output:</h2>
Rebuild target 'Target 1'
assembling Startup.s...
compiling 9_2_4Dig7SegComCathode.c...
linking...
Program Size: Code=10552 RO-data=176 RW-data=76 ZI-data=1660  
FromELF: creating hex file...
".\9_1_4Dig7SegComCathode.axf" - 0 Error(s), 0 Warning(s).
</pre>
</body>
</html>
ELF: creating hex file...
".\9_1_4Dig7SegComCathode.axf" - 0 Error(s), 1 Warning(s).
ode=1744 RO-data=56 RW-data=0 ZI-data=1256  
FromELF: creating hex file...
".\9_1_4Dig7SegComCathode.axf" - 0 Error(s), 2 Warning(s).

