<html>
<body>
<pre>
<h1>µVision Build Log</h1>
<h2>Project:</h2>
D:\Sachin_code\Techoscripts\LPC2148\Progrms\9_TwoDig7SegComCathode.uvproj
Project File Date:  05/31/2024

<h2>Output:</h2>
Rebuild target 'Target 1'
assembling Startup.s...
compiling 9_TwoDig7SegComCathode.c...
linking...
Program Size: Code=748 RO-data=56 RW-data=0 ZI-data=1256  
FromELF: creating hex file...
".\9_TwoDig7SegComCathode.axf" - 0 Error(s), 0 Warning(s).
</pre>
</body>
</html>
mELF: creating hex file...
".\9_TwoDig7SegComCathode.axf" - 0 Error(s), 1 Warning(s).
