<html>
<body>
<pre>
<h1>µVision Build Log</h1>
<h2>Project:</h2>
D:\Sachin_code\Techoscripts\LPC2148\Progrms\First.uvproj
Project File Date:  05/28/2024

<h2>Output:</h2>
Rebuild target 'Target 1'
assembling Startup.s...
compiling First.c...
First.c(22): warning:  #111-D: statement is unreachable
        return 0;
First.c(23): warning:  #1-D: last line of file ends without a newline
  }
First.c: 2 warnings, 0 errors
linking...
Program Size: Code=536 RO-data=16 RW-data=0 ZI-data=1256  
FromELF: creating hex file...
".\First.axf" - 0 Error(s), 2 Warning(s).
      for(int j=0; j<500; j++);
First.c(22): warning:  #111-D: statement is unreachable
        return 0;
First.c(23): warning:  #1-D: last line of file ends without a newline
  }
First.c: 2 warnings, 4 errors
".\First.axf" - 4 Error(s), 2 Warning(s).
Target not created
