<html>
<body>
<pre>
<h1>µVision Build Log</h1>
<h2>Project:</h2>
D:\Sachin_code\Techoscripts\LPC2148\Simulations\LED_Pattern1.uvproj
Project File Date:  05/29/2024

<h2>Output:</h2>
Rebuild target 'Target 1'
assembling Startup.s...
compiling LED_Pattern1.c...
linking...
Program Size: Code=704 RO-data=68 RW-data=0 ZI-data=1256  
FromELF: creating hex file...
".\LED_Pattern1.axf" - 0 Error(s), 0 Warning(s).
</pre>
</body>
</html>
r executable statement in block
        int arr[13]={0x00000000,0x00000001,0x00000002,0x00000004,0x00000008,0x00000010,0x00000020,
LED_Pattern1.c: 0 warnings, 2 errors
".\LED_Pattern1.axf" - 2 Error(s), 0 Warning(s).
Target not created
